// Jest Snapshot v1, https://goo.gl/fbAQLP

exports[`Button componenet testing Rendered 1`] = `
<button
  className=""
  onClick={[MockFunction]}
  type="button"
>
  Test
</button>
`;
